                                                 utr    te_log cell_line
0  CCGCGCTCTGCAGCCGCAGACCCGGTCCACACGGCCAGGGGCTACG...  2.226844       HEK
1  CTGCCGCCGGCCTCTCCGCCTCTTGGCCTAGGAGGCTCGCCGCCCG...  2.155872       HEK
2  TAATGTTATTTTTTAGGAACCTAATTCATCTCTCCAGCAAAGGACA...  2.085683       HEK
3  CTCCCGCCTCGTGCGCTCGCCCCACCCGGCCGCCGCCCGAGCGCTC...  2.043354       HEK
4  CCGCGCTCTGCAGCCGCAGACCCGGTCCACACGGCCAGGGGCTACG...  2.041374       HEK
                                                 utr  ...  predicted_te_log
0  CCGCGCTCTGCAGCCGCAGACCCGGTCCACACGGCCAGGGGCTACG...  ...          0.850447
1  CTGCCGCCGGCCTCTCCGCCTCTTGGCCTAGGAGGCTCGCCGCCCG...  ...          0.377946
2  TAATGTTATTTTTTAGGAACCTAATTCATCTCTCCAGCAAAGGACA...  ...         -0.459656
3  CTCCCGCCTCGTGCGCTCGCCCCACCCGGCCGCCGCCCGAGCGCTC...  ...         -0.182120
4  CCGCGCTCTGCAGCCGCAGACCCGGTCCACACGGCCAGGGGCTACG...  ...          0.850447

[5 rows x 4 columns]
count    28246.000000
mean        -0.501562
std          1.081527
min         -6.475493
25%         -1.086830
50%         -0.342724
75%          0.232892
max          4.135131
Name: te_log, dtype: float64
count    28246.000000
mean        -0.491437
std          0.607831
min         -3.387999
25%         -0.873692
50%         -0.434437
75%         -0.040577
max          1.931661
Name: predicted_te_log, dtype: float64
